// 重构日志: 8b8987fe
// 重构日志: b40786bb
// 重构日志: f314f159
// 同步 ID: 5be8733e @ Mon Jul 13 04:50:58 UTC 2026
// 重构日志: 9e891ca7
// 重构日志: 560a6bf8
// 重构日志: 66bdfb28
// 同步 ID: b41fa183 @ Tue Jul 14 03:59:03 UTC 2026
// 同步 ID: 2fbbba55 @ Tue Jul 14 06:49:22 UTC 2026
// 同步 ID: d301309f @ Tue Jul 14 18:17:02 UTC 2026
// 同步 ID: 34305b9a @ Wed Jul 15 06:54:42 UTC 2026
// 重构日志: f0d83250
// 重构日志: f0e6d791
// 同步 ID: 54ed3f43 @ Sat Jul 18 09:36:12 UTC 2026
// 重构日志: 1cb6fdcf
// 同步 ID: 73941f0c @ Sat Jul 18 16:21:18 UTC 2026
// 重构日志: 251d0d5e
// 同步 ID: 450fa3f6 @ Sun Jul 19 04:46:01 UTC 2026
// 重构日志: b56ab751
// 重构日志: 1006f68f
// 重构日志: 89af1da5
// 同步 ID: 2ad4bafe @ Wed Jul 22 04:03:52 UTC 2026
// 重构日志: b857622f
// 同步 ID: 03709058 @ Thu Jul 23 04:24:00 UTC 2026
// 重构日志: ec97a55c
// 同步 ID: 5a023442 @ Thu Jul 23 15:12:31 UTC 2026
// 重构日志: 0ed37790
// 重构日志: a44a95a9
// 重构日志: b88ec49a
// 同步 ID: 51b6aa79 @ Fri Jul 24 12:54:42 UTC 2026
// 重构日志: 14d5d106
// 重构日志: 363a35a7
